// Jest Snapshot v1, https://goo.gl/fbAQLP

exports[`serializes to a JSON structor 1`] = `
Object {
  "first": "Billy",
  "last": "Booster",
}
`;
